[economistasincero.com.br/evolucao/index.html]
[backblue.gif]
[fade.gif]
[index.html]
[economistasincero.com.br/wp-includes/js/jquery/jquery.min3088.js]
[economistasincero.com.br/wp-includes/js/jquery/jquery-migrate.min5589.js]
[economistasincero.com.br/wp-content/uploads/2022/01/cropped-Logo_-_neuro-min-32x32.png]
[economistasincero.com.br/wp-content/uploads/2022/01/cropped-Logo_-_neuro-min-192x192.png]
[economistasincero.com.br/wp-content/uploads/2022/01/cropped-Logo_-_neuro-min-180x180.png]
[connect.facebook.net/en_US/fbevents.js]
[economistasincero.com.br/wp-content/uploads/2022/10/logotipo-evolucal.png]
[economistasincero.com.br/wp-content/uploads/2022/10/appcelular2.png]
[economistasincero.com.br/wp-content/uploads/2022/10/dep1.jpg]
[economistasincero.com.br/wp-content/uploads/2022/10/dep2.jpg]
[economistasincero.com.br/wp-content/uploads/2022/10/dep3.jpg]
[economistasincero.com.br/wp-content/uploads/2022/10/dep4.jpg]
[economistasincero.com.br/wp-content/uploads/2022/10/dep5.jpg]
[economistasincero.com.br/wp-content/uploads/2022/10/dep6.jpg]
[economistasincero.com.br/wp-content/uploads/2022/10/botoes-evl3.png]
[economistasincero.com.br/wp-content/uploads/2022/10/app-telas.png]
[economistasincero.com.br/wp-content/uploads/2022/10/bagde-oferta.png]
[economistasincero.com.br/wp-content/uploads/2022/10/bagde-assinatura.png]
[economistasincero.com.br/wp-content/uploads/2022/10/charles-banqueta3-739x1024.png]
[economistasincero.com.br/wp-content/uploads/2022/10/bagde2-comprasegura-3.png]
[economistasincero.com.br/wp-content/uploads/2022/10/bagde2-appexclusivo-2.png]
[economistasincero.com.br/wp-content/uploads/2022/10/bagde2-garantia-3.png]
[economistasincero.com.br/wp-content/uploads/2022/10/foto-charles-nasdaq-min-1024x1024.png]
[economistasincero.com.br/wp-content/uploads/2022/10/titulo-economistasincero-1-37x300.png]
[economistasincero.com.br/wp-includes/js/imagesloaded.mineda1.js]
[economistasincero.com.br/wp-content/plugins/elementor-pro/assets/js/webpack-pro.runtime.minccfb.js]
[economistasincero.com.br/wp-content/plugins/elementor/assets/js/webpack.runtime.mina767.js]
[economistasincero.com.br/wp-content/plugins/elementor/assets/js/frontend-modules.mina767.js]
[economistasincero.com.br/wp-content/plugins/elementor-pro/assets/js/frontend.minccfb.js]
[economistasincero.com.br/wp-content/plugins/elementor/assets/lib/waypoints/waypoints.min05da.js]
[economistasincero.com.br/wp-includes/js/jquery/ui/core.min3f14.js]
[economistasincero.com.br/wp-content/plugins/elementor/assets/js/frontend.mina767.js]
[economistasincero.com.br/wp-content/plugins/elementor-pro/assets/js/elements-handlers.minccfb.js]
[economistasincero.com.br/evolucao/index.html]
[economistasincero.com.br/wp-includes/css/dist/block-library/style.mine35d.css]
[economistasincero.com.br/wp-content/themes/hello-elementor/style.min254d.css]
[economistasincero.com.br/wp-content/themes/hello-elementor/theme.min254d.css]
[economistasincero.com.br/wp-content/plugins/elementor/assets/lib/eicons/css/elementor-icons.min7816.css]
[economistasincero.com.br/wp-content/plugins/elementor/assets/css/frontend.mina767.css]
[economistasincero.com.br/wp-content/uploads/elementor/css/post-71326.css]
[economistasincero.com.br/wp-content/plugins/elementor-pro/assets/css/frontend.minccfb.css]
[economistasincero.com.br/wp-content/uploads/elementor/css/global1326.css]
[economistasincero.com.br/wp-content/uploads/elementor/css/post-9461745.css]
[economistasincero.com.br/evolucao/a]
[economistasincero.com.br/evolucao/POST]
[economistasincero.com.br/evolucao/b.resolvedLink]
[economistasincero.com.br/evolucao/schema.org/index.html]
[economistasincero.com.br/signals/iwl.js]
[connect.facebook.net/en_US/fbevents.js]
[economistasincero.com.br/wp-content/uploads/2022/10/fundotopo.png]
[economistasincero.com.br/wp-content/uploads/2022/10/foto-finaldepoimentos.jpg]
[economistasincero.com.br/wp-content/uploads/2022/10/foto-econsincero-1.png]
[economistasincero.com.br/wp-content/uploads/elementor/css/post-884c295.css]
[economistasincero.com.br/evolucao/a.html]
[economistasincero.com.br/evolucao/POST.html]
[economistasincero.com.br/evolucao/schema.org/index.html]
[economistasincero.com.br/evolucao/b.html]
[economistasincero.com.br/signals/iwl.html]
